2024-03-01 14:39:08,619 [data_manager.py] => [68, 56, 78, 8, 23, 84, 90, 65, 74, 76, 40, 89, 3, 92, 55, 9, 26, 80, 43, 38, 58, 70, 77, 1, 85, 19, 17, 50, 28, 53, 13, 81, 45, 82, 6, 59, 83, 16, 15, 44, 91, 41, 72, 60, 79, 52, 20, 10, 31, 54, 37, 95, 14, 71, 96, 98, 97, 2, 64, 66, 42, 22, 35, 86, 24, 34, 87, 21, 99, 0, 88, 27, 18, 94, 11, 12, 47, 25, 30, 46, 62, 69, 36, 61, 7, 63, 75, 5, 32, 4, 51, 48, 73, 93, 39, 67, 29, 49, 57, 33]
2024-03-01 14:39:09,009 [foster.py] => Learning on 0-100
2024-03-01 14:39:09,009 [foster.py] => All params: 477154
2024-03-01 14:39:09,009 [foster.py] => Trainable params: 477154
2024-03-01 14:39:24,783 [foster.py] => Task 0, Epoch 1/200 => Loss 4.503, Train_accy 2.51, Test_accy 4.95
2024-03-01 14:39:36,470 [foster.py] => Task 0, Epoch 2/200 => Loss 4.235, Train_accy 5.14
2024-03-01 14:39:47,929 [foster.py] => Task 0, Epoch 3/200 => Loss 4.045, Train_accy 7.81
2024-03-01 14:39:59,200 [foster.py] => Task 0, Epoch 4/200 => Loss 3.852, Train_accy 10.51
2024-03-01 14:40:09,881 [foster.py] => Task 0, Epoch 5/200 => Loss 3.577, Train_accy 15.08
2024-03-01 14:40:22,014 [foster.py] => Task 0, Epoch 6/200 => Loss 3.354, Train_accy 18.82, Test_accy 22.43
2024-03-01 14:40:33,299 [foster.py] => Task 0, Epoch 7/200 => Loss 3.196, Train_accy 21.28
2024-03-01 14:40:44,894 [foster.py] => Task 0, Epoch 8/200 => Loss 3.078, Train_accy 23.54
2024-03-01 14:40:56,573 [foster.py] => Task 0, Epoch 9/200 => Loss 2.969, Train_accy 25.58
2024-03-01 14:41:08,409 [foster.py] => Task 0, Epoch 10/200 => Loss 2.888, Train_accy 27.41
2024-03-01 14:41:21,554 [foster.py] => Task 0, Epoch 11/200 => Loss 2.814, Train_accy 29.06, Test_accy 31.25
2024-03-01 14:41:33,383 [foster.py] => Task 0, Epoch 12/200 => Loss 2.756, Train_accy 30.16
2024-03-01 14:41:45,212 [foster.py] => Task 0, Epoch 13/200 => Loss 2.719, Train_accy 31.13
2024-03-01 14:41:57,196 [foster.py] => Task 0, Epoch 14/200 => Loss 2.684, Train_accy 31.80
2024-03-01 14:42:09,171 [foster.py] => Task 0, Epoch 15/200 => Loss 2.644, Train_accy 32.36
2024-03-01 14:42:22,028 [foster.py] => Task 0, Epoch 16/200 => Loss 2.628, Train_accy 32.58, Test_accy 35.98
2024-03-01 14:42:33,912 [foster.py] => Task 0, Epoch 17/200 => Loss 2.593, Train_accy 33.69
2024-03-01 14:42:45,642 [foster.py] => Task 0, Epoch 18/200 => Loss 2.571, Train_accy 33.99
2024-03-01 14:42:57,486 [foster.py] => Task 0, Epoch 19/200 => Loss 2.553, Train_accy 34.34
2024-03-01 14:43:09,663 [foster.py] => Task 0, Epoch 20/200 => Loss 2.536, Train_accy 34.85
2024-03-01 14:43:22,624 [foster.py] => Task 0, Epoch 21/200 => Loss 2.532, Train_accy 34.88, Test_accy 39.08
2024-03-01 14:43:34,439 [foster.py] => Task 0, Epoch 22/200 => Loss 2.517, Train_accy 35.20
2024-03-01 14:43:46,311 [foster.py] => Task 0, Epoch 23/200 => Loss 2.502, Train_accy 35.49
2024-03-01 14:43:58,022 [foster.py] => Task 0, Epoch 24/200 => Loss 2.492, Train_accy 35.78
2024-03-01 14:44:09,748 [foster.py] => Task 0, Epoch 25/200 => Loss 2.467, Train_accy 36.26
2024-03-01 14:44:22,712 [foster.py] => Task 0, Epoch 26/200 => Loss 2.474, Train_accy 36.20, Test_accy 41.98
2024-03-01 14:44:35,242 [foster.py] => Task 0, Epoch 27/200 => Loss 2.462, Train_accy 36.60
2024-03-01 14:44:47,361 [foster.py] => Task 0, Epoch 28/200 => Loss 2.451, Train_accy 36.85
2024-03-01 14:44:59,408 [foster.py] => Task 0, Epoch 29/200 => Loss 2.446, Train_accy 36.85
2024-03-01 14:45:10,921 [foster.py] => Task 0, Epoch 30/200 => Loss 2.440, Train_accy 36.82
2024-03-01 14:45:23,898 [foster.py] => Task 0, Epoch 31/200 => Loss 2.430, Train_accy 37.20, Test_accy 41.33
2024-03-01 14:45:35,385 [foster.py] => Task 0, Epoch 32/200 => Loss 2.417, Train_accy 37.29
2024-03-01 14:45:47,020 [foster.py] => Task 0, Epoch 33/200 => Loss 2.422, Train_accy 37.70
2024-03-01 14:45:58,599 [foster.py] => Task 0, Epoch 34/200 => Loss 2.414, Train_accy 37.39
2024-03-01 14:46:10,099 [foster.py] => Task 0, Epoch 35/200 => Loss 2.398, Train_accy 38.00
2024-03-01 14:46:22,757 [foster.py] => Task 0, Epoch 36/200 => Loss 2.405, Train_accy 37.77, Test_accy 40.63
2024-03-01 14:46:34,313 [foster.py] => Task 0, Epoch 37/200 => Loss 2.397, Train_accy 37.95
2024-03-01 14:46:46,448 [foster.py] => Task 0, Epoch 38/200 => Loss 2.389, Train_accy 38.08
2024-03-01 14:46:58,087 [foster.py] => Task 0, Epoch 39/200 => Loss 2.379, Train_accy 38.16
2024-03-01 14:47:09,702 [foster.py] => Task 0, Epoch 40/200 => Loss 2.385, Train_accy 38.36
2024-03-01 14:47:22,790 [foster.py] => Task 0, Epoch 41/200 => Loss 2.377, Train_accy 38.32, Test_accy 41.40
2024-03-01 14:47:34,272 [foster.py] => Task 0, Epoch 42/200 => Loss 2.355, Train_accy 38.75
2024-03-01 14:47:45,974 [foster.py] => Task 0, Epoch 43/200 => Loss 2.355, Train_accy 38.82
2024-03-01 14:47:57,807 [foster.py] => Task 0, Epoch 44/200 => Loss 2.358, Train_accy 38.46
2024-03-01 14:48:09,415 [foster.py] => Task 0, Epoch 45/200 => Loss 2.353, Train_accy 38.76
2024-03-01 14:48:22,109 [foster.py] => Task 0, Epoch 46/200 => Loss 2.351, Train_accy 38.60, Test_accy 47.38
2024-03-01 14:48:33,514 [foster.py] => Task 0, Epoch 47/200 => Loss 2.339, Train_accy 39.07
2024-03-01 14:48:45,204 [foster.py] => Task 0, Epoch 48/200 => Loss 2.338, Train_accy 39.01
2024-03-01 14:48:56,667 [foster.py] => Task 0, Epoch 49/200 => Loss 2.330, Train_accy 39.57
2024-03-01 14:49:08,156 [foster.py] => Task 0, Epoch 50/200 => Loss 2.336, Train_accy 39.42
2024-03-01 14:49:20,645 [foster.py] => Task 0, Epoch 51/200 => Loss 2.326, Train_accy 39.71, Test_accy 44.18
2024-03-01 14:49:32,063 [foster.py] => Task 0, Epoch 52/200 => Loss 2.322, Train_accy 39.67
2024-03-01 14:49:43,474 [foster.py] => Task 0, Epoch 53/200 => Loss 2.319, Train_accy 39.67
2024-03-01 14:49:54,885 [foster.py] => Task 0, Epoch 54/200 => Loss 2.311, Train_accy 39.67
2024-03-01 14:50:06,186 [foster.py] => Task 0, Epoch 55/200 => Loss 2.304, Train_accy 39.89
2024-03-01 14:50:19,052 [foster.py] => Task 0, Epoch 56/200 => Loss 2.308, Train_accy 40.04, Test_accy 47.27
2024-03-01 14:50:30,750 [foster.py] => Task 0, Epoch 57/200 => Loss 2.292, Train_accy 40.06
2024-03-01 14:50:42,369 [foster.py] => Task 0, Epoch 58/200 => Loss 2.294, Train_accy 40.57
2024-03-01 14:50:53,821 [foster.py] => Task 0, Epoch 59/200 => Loss 2.284, Train_accy 40.36
2024-03-01 14:51:04,871 [foster.py] => Task 0, Epoch 60/200 => Loss 2.270, Train_accy 40.68
2024-03-01 14:51:17,973 [foster.py] => Task 0, Epoch 61/200 => Loss 2.278, Train_accy 40.52, Test_accy 48.39
2024-03-01 14:51:30,111 [foster.py] => Task 0, Epoch 62/200 => Loss 2.272, Train_accy 40.43
2024-03-01 14:51:42,197 [foster.py] => Task 0, Epoch 63/200 => Loss 2.274, Train_accy 40.82
2024-03-01 14:51:54,379 [foster.py] => Task 0, Epoch 64/200 => Loss 2.267, Train_accy 40.96
2024-03-01 14:52:05,982 [foster.py] => Task 0, Epoch 65/200 => Loss 2.263, Train_accy 40.85
2024-03-01 14:52:18,275 [foster.py] => Task 0, Epoch 66/200 => Loss 2.253, Train_accy 41.00, Test_accy 48.78
2024-03-01 14:52:29,910 [foster.py] => Task 0, Epoch 67/200 => Loss 2.247, Train_accy 41.30
2024-03-01 14:52:41,887 [foster.py] => Task 0, Epoch 68/200 => Loss 2.239, Train_accy 41.25
2024-03-01 14:52:53,325 [foster.py] => Task 0, Epoch 69/200 => Loss 2.245, Train_accy 41.39
2024-03-01 14:53:04,852 [foster.py] => Task 0, Epoch 70/200 => Loss 2.243, Train_accy 41.39
2024-03-01 14:53:17,143 [foster.py] => Task 0, Epoch 71/200 => Loss 2.237, Train_accy 41.49, Test_accy 45.66
2024-03-01 14:53:29,370 [foster.py] => Task 0, Epoch 72/200 => Loss 2.236, Train_accy 41.62
2024-03-01 14:53:40,905 [foster.py] => Task 0, Epoch 73/200 => Loss 2.220, Train_accy 41.80
2024-03-01 14:53:52,016 [foster.py] => Task 0, Epoch 74/200 => Loss 2.217, Train_accy 41.74
2024-03-01 14:54:03,250 [foster.py] => Task 0, Epoch 75/200 => Loss 2.217, Train_accy 41.85
2024-03-01 14:54:15,291 [foster.py] => Task 0, Epoch 76/200 => Loss 2.201, Train_accy 42.36, Test_accy 46.46
2024-03-01 14:54:26,768 [foster.py] => Task 0, Epoch 77/200 => Loss 2.200, Train_accy 42.35
2024-03-01 14:54:37,884 [foster.py] => Task 0, Epoch 78/200 => Loss 2.193, Train_accy 42.21
2024-03-01 14:54:48,875 [foster.py] => Task 0, Epoch 79/200 => Loss 2.187, Train_accy 42.47
2024-03-01 14:55:00,253 [foster.py] => Task 0, Epoch 80/200 => Loss 2.185, Train_accy 42.46
2024-03-01 14:55:13,081 [foster.py] => Task 0, Epoch 81/200 => Loss 2.181, Train_accy 42.96, Test_accy 48.32
2024-03-01 14:55:24,922 [foster.py] => Task 0, Epoch 82/200 => Loss 2.169, Train_accy 43.01
2024-03-01 14:55:36,413 [foster.py] => Task 0, Epoch 83/200 => Loss 2.168, Train_accy 42.88
2024-03-01 14:55:48,271 [foster.py] => Task 0, Epoch 84/200 => Loss 2.157, Train_accy 43.34
2024-03-01 14:55:59,934 [foster.py] => Task 0, Epoch 85/200 => Loss 2.157, Train_accy 42.98
2024-03-01 14:56:12,730 [foster.py] => Task 0, Epoch 86/200 => Loss 2.162, Train_accy 43.12, Test_accy 50.25
2024-03-01 14:56:24,651 [foster.py] => Task 0, Epoch 87/200 => Loss 2.139, Train_accy 43.50
2024-03-01 14:56:36,388 [foster.py] => Task 0, Epoch 88/200 => Loss 2.140, Train_accy 43.73
2024-03-01 14:56:48,364 [foster.py] => Task 0, Epoch 89/200 => Loss 2.130, Train_accy 44.10
2024-03-01 14:57:00,395 [foster.py] => Task 0, Epoch 90/200 => Loss 2.131, Train_accy 43.77
2024-03-01 14:57:13,611 [foster.py] => Task 0, Epoch 91/200 => Loss 2.134, Train_accy 43.68, Test_accy 52.63
2024-03-01 14:57:25,493 [foster.py] => Task 0, Epoch 92/200 => Loss 2.121, Train_accy 44.13
2024-03-01 14:57:37,273 [foster.py] => Task 0, Epoch 93/200 => Loss 2.114, Train_accy 44.38
2024-03-01 14:57:48,903 [foster.py] => Task 0, Epoch 94/200 => Loss 2.121, Train_accy 44.25
2024-03-01 14:58:00,917 [foster.py] => Task 0, Epoch 95/200 => Loss 2.106, Train_accy 44.37
2024-03-01 14:58:13,784 [foster.py] => Task 0, Epoch 96/200 => Loss 2.091, Train_accy 44.78, Test_accy 54.40
2024-03-01 14:58:26,174 [foster.py] => Task 0, Epoch 97/200 => Loss 2.098, Train_accy 44.73
2024-03-01 14:58:38,441 [foster.py] => Task 0, Epoch 98/200 => Loss 2.085, Train_accy 44.77
2024-03-01 14:58:50,612 [foster.py] => Task 0, Epoch 99/200 => Loss 2.074, Train_accy 45.01
2024-03-01 14:59:02,902 [foster.py] => Task 0, Epoch 100/200 => Loss 2.072, Train_accy 45.16
2024-03-01 14:59:16,520 [foster.py] => Task 0, Epoch 101/200 => Loss 2.077, Train_accy 45.26, Test_accy 55.19
2024-03-01 14:59:28,812 [foster.py] => Task 0, Epoch 102/200 => Loss 2.056, Train_accy 45.61
2024-03-01 14:59:40,601 [foster.py] => Task 0, Epoch 103/200 => Loss 2.055, Train_accy 45.70
2024-03-01 14:59:52,867 [foster.py] => Task 0, Epoch 104/200 => Loss 2.040, Train_accy 46.00
2024-03-01 15:00:04,794 [foster.py] => Task 0, Epoch 105/200 => Loss 2.040, Train_accy 45.71
2024-03-01 15:00:18,387 [foster.py] => Task 0, Epoch 106/200 => Loss 2.029, Train_accy 46.10, Test_accy 53.72
2024-03-01 15:00:30,481 [foster.py] => Task 0, Epoch 107/200 => Loss 2.036, Train_accy 45.94
2024-03-01 15:00:42,621 [foster.py] => Task 0, Epoch 108/200 => Loss 2.028, Train_accy 46.46
2024-03-01 15:00:54,899 [foster.py] => Task 0, Epoch 109/200 => Loss 2.014, Train_accy 46.34
2024-03-01 15:01:07,101 [foster.py] => Task 0, Epoch 110/200 => Loss 2.001, Train_accy 46.96
2024-03-01 15:01:20,608 [foster.py] => Task 0, Epoch 111/200 => Loss 1.996, Train_accy 47.08, Test_accy 53.37
2024-03-01 15:01:32,794 [foster.py] => Task 0, Epoch 112/200 => Loss 1.985, Train_accy 47.24
2024-03-01 15:01:45,168 [foster.py] => Task 0, Epoch 113/200 => Loss 1.987, Train_accy 47.18
2024-03-01 15:01:57,416 [foster.py] => Task 0, Epoch 114/200 => Loss 1.984, Train_accy 47.25
2024-03-01 15:02:09,486 [foster.py] => Task 0, Epoch 115/200 => Loss 1.963, Train_accy 47.93
2024-03-01 15:02:23,047 [foster.py] => Task 0, Epoch 116/200 => Loss 1.971, Train_accy 47.80, Test_accy 56.51
2024-03-01 15:02:35,241 [foster.py] => Task 0, Epoch 117/200 => Loss 1.948, Train_accy 48.09
2024-03-01 15:02:47,374 [foster.py] => Task 0, Epoch 118/200 => Loss 1.954, Train_accy 47.87
2024-03-01 15:02:59,656 [foster.py] => Task 0, Epoch 119/200 => Loss 1.950, Train_accy 48.11
2024-03-01 15:03:11,707 [foster.py] => Task 0, Epoch 120/200 => Loss 1.928, Train_accy 48.38
2024-03-01 15:03:25,542 [foster.py] => Task 0, Epoch 121/200 => Loss 1.937, Train_accy 48.53, Test_accy 58.16
2024-03-01 15:03:37,909 [foster.py] => Task 0, Epoch 122/200 => Loss 1.915, Train_accy 48.86
2024-03-01 15:03:50,319 [foster.py] => Task 0, Epoch 123/200 => Loss 1.919, Train_accy 48.70
2024-03-01 15:04:02,799 [foster.py] => Task 0, Epoch 124/200 => Loss 1.892, Train_accy 49.53
2024-03-01 15:04:15,057 [foster.py] => Task 0, Epoch 125/200 => Loss 1.896, Train_accy 49.38
2024-03-01 15:04:28,695 [foster.py] => Task 0, Epoch 126/200 => Loss 1.890, Train_accy 49.50, Test_accy 56.24
2024-03-01 15:04:40,921 [foster.py] => Task 0, Epoch 127/200 => Loss 1.880, Train_accy 49.72
2024-03-01 15:04:53,458 [foster.py] => Task 0, Epoch 128/200 => Loss 1.864, Train_accy 49.97
2024-03-01 15:05:05,995 [foster.py] => Task 0, Epoch 129/200 => Loss 1.862, Train_accy 49.71
2024-03-01 15:05:22,230 [foster.py] => Task 0, Epoch 130/200 => Loss 1.855, Train_accy 50.28
2024-03-01 15:05:43,628 [foster.py] => Task 0, Epoch 131/200 => Loss 1.836, Train_accy 50.49, Test_accy 58.30
2024-03-01 15:05:55,986 [foster.py] => Task 0, Epoch 132/200 => Loss 1.842, Train_accy 50.37
2024-03-01 15:06:08,461 [foster.py] => Task 0, Epoch 133/200 => Loss 1.828, Train_accy 50.85
2024-03-01 15:06:20,873 [foster.py] => Task 0, Epoch 134/200 => Loss 1.813, Train_accy 51.15
2024-03-01 15:06:33,608 [foster.py] => Task 0, Epoch 135/200 => Loss 1.798, Train_accy 51.52
2024-03-01 15:06:51,561 [foster.py] => Task 0, Epoch 136/200 => Loss 1.809, Train_accy 51.32, Test_accy 60.83
2024-03-01 15:07:12,770 [foster.py] => Task 0, Epoch 137/200 => Loss 1.801, Train_accy 51.45
2024-03-01 15:07:34,002 [foster.py] => Task 0, Epoch 138/200 => Loss 1.775, Train_accy 52.12
2024-03-01 15:07:55,275 [foster.py] => Task 0, Epoch 139/200 => Loss 1.773, Train_accy 52.56
2024-03-01 15:08:16,547 [foster.py] => Task 0, Epoch 140/200 => Loss 1.768, Train_accy 52.36
2024-03-01 15:08:39,611 [foster.py] => Task 0, Epoch 141/200 => Loss 1.743, Train_accy 52.90, Test_accy 61.82
2024-03-01 15:09:00,979 [foster.py] => Task 0, Epoch 142/200 => Loss 1.745, Train_accy 53.16
2024-03-01 15:09:22,416 [foster.py] => Task 0, Epoch 143/200 => Loss 1.728, Train_accy 53.47
2024-03-01 15:09:44,035 [foster.py] => Task 0, Epoch 144/200 => Loss 1.736, Train_accy 53.11
2024-03-01 15:10:05,775 [foster.py] => Task 0, Epoch 145/200 => Loss 1.718, Train_accy 53.65
2024-03-01 15:10:28,770 [foster.py] => Task 0, Epoch 146/200 => Loss 1.708, Train_accy 53.93, Test_accy 61.59
2024-03-01 15:10:50,202 [foster.py] => Task 0, Epoch 147/200 => Loss 1.702, Train_accy 53.84
2024-03-01 15:11:09,715 [foster.py] => Task 0, Epoch 148/200 => Loss 1.699, Train_accy 53.88
2024-03-01 15:11:21,293 [foster.py] => Task 0, Epoch 149/200 => Loss 1.685, Train_accy 54.25
2024-03-01 15:11:33,051 [foster.py] => Task 0, Epoch 150/200 => Loss 1.674, Train_accy 54.53
2024-03-01 15:11:45,815 [foster.py] => Task 0, Epoch 151/200 => Loss 1.664, Train_accy 54.85, Test_accy 64.39
2024-03-01 15:11:57,803 [foster.py] => Task 0, Epoch 152/200 => Loss 1.657, Train_accy 55.11
2024-03-01 15:12:09,613 [foster.py] => Task 0, Epoch 153/200 => Loss 1.651, Train_accy 55.21
2024-03-01 15:12:21,528 [foster.py] => Task 0, Epoch 154/200 => Loss 1.631, Train_accy 55.68
2024-03-01 15:12:33,465 [foster.py] => Task 0, Epoch 155/200 => Loss 1.620, Train_accy 55.83
2024-03-01 15:12:46,559 [foster.py] => Task 0, Epoch 156/200 => Loss 1.609, Train_accy 56.04, Test_accy 65.25
2024-03-01 15:12:58,434 [foster.py] => Task 0, Epoch 157/200 => Loss 1.594, Train_accy 56.67
2024-03-01 15:13:10,263 [foster.py] => Task 0, Epoch 158/200 => Loss 1.579, Train_accy 56.87
2024-03-01 15:13:21,908 [foster.py] => Task 0, Epoch 159/200 => Loss 1.574, Train_accy 56.94
2024-03-01 15:13:33,553 [foster.py] => Task 0, Epoch 160/200 => Loss 1.560, Train_accy 57.51
2024-03-01 15:13:46,570 [foster.py] => Task 0, Epoch 161/200 => Loss 1.560, Train_accy 57.41, Test_accy 66.01
2024-03-01 15:13:58,293 [foster.py] => Task 0, Epoch 162/200 => Loss 1.543, Train_accy 57.95
2024-03-01 15:14:10,375 [foster.py] => Task 0, Epoch 163/200 => Loss 1.540, Train_accy 57.82
2024-03-01 15:14:22,424 [foster.py] => Task 0, Epoch 164/200 => Loss 1.520, Train_accy 58.25
2024-03-01 15:14:34,677 [foster.py] => Task 0, Epoch 165/200 => Loss 1.512, Train_accy 58.47
2024-03-01 15:14:47,847 [foster.py] => Task 0, Epoch 166/200 => Loss 1.490, Train_accy 59.27, Test_accy 66.88
2024-03-01 15:14:59,837 [foster.py] => Task 0, Epoch 167/200 => Loss 1.490, Train_accy 59.15
2024-03-01 15:15:11,663 [foster.py] => Task 0, Epoch 168/200 => Loss 1.470, Train_accy 59.81
2024-03-01 15:15:23,479 [foster.py] => Task 0, Epoch 169/200 => Loss 1.470, Train_accy 59.79
2024-03-01 15:15:35,628 [foster.py] => Task 0, Epoch 170/200 => Loss 1.451, Train_accy 60.15
2024-03-01 15:15:48,843 [foster.py] => Task 0, Epoch 171/200 => Loss 1.448, Train_accy 60.57, Test_accy 69.13
2024-03-01 15:16:00,855 [foster.py] => Task 0, Epoch 172/200 => Loss 1.437, Train_accy 60.55
2024-03-01 15:16:13,077 [foster.py] => Task 0, Epoch 173/200 => Loss 1.417, Train_accy 60.96
2024-03-01 15:16:25,283 [foster.py] => Task 0, Epoch 174/200 => Loss 1.416, Train_accy 60.93
2024-03-01 15:16:40,050 [foster.py] => Task 0, Epoch 175/200 => Loss 1.397, Train_accy 61.55
2024-03-01 15:16:57,687 [foster.py] => Task 0, Epoch 176/200 => Loss 1.387, Train_accy 61.72, Test_accy 69.58
2024-03-01 15:17:11,684 [foster.py] => Task 0, Epoch 177/200 => Loss 1.376, Train_accy 62.19
2024-03-01 15:17:23,818 [foster.py] => Task 0, Epoch 178/200 => Loss 1.365, Train_accy 62.23
2024-03-01 15:17:36,939 [foster.py] => Task 0, Epoch 179/200 => Loss 1.351, Train_accy 62.86
2024-03-01 15:17:49,928 [foster.py] => Task 0, Epoch 180/200 => Loss 1.344, Train_accy 62.56
2024-03-01 15:18:03,440 [foster.py] => Task 0, Epoch 181/200 => Loss 1.325, Train_accy 63.08, Test_accy 70.91
2024-03-01 15:18:15,670 [foster.py] => Task 0, Epoch 182/200 => Loss 1.324, Train_accy 63.33
2024-03-01 15:18:28,832 [foster.py] => Task 0, Epoch 183/200 => Loss 1.312, Train_accy 63.59
2024-03-01 15:18:43,180 [foster.py] => Task 0, Epoch 184/200 => Loss 1.306, Train_accy 63.83
2024-03-01 15:18:55,147 [foster.py] => Task 0, Epoch 185/200 => Loss 1.291, Train_accy 64.29
2024-03-01 15:19:10,025 [foster.py] => Task 0, Epoch 186/200 => Loss 1.286, Train_accy 64.44, Test_accy 71.76
2024-03-01 15:19:31,578 [foster.py] => Task 0, Epoch 187/200 => Loss 1.278, Train_accy 64.74
2024-03-01 15:19:54,227 [foster.py] => Task 0, Epoch 188/200 => Loss 1.280, Train_accy 64.49
2024-03-01 15:20:17,066 [foster.py] => Task 0, Epoch 189/200 => Loss 1.267, Train_accy 64.85
2024-03-01 15:20:39,789 [foster.py] => Task 0, Epoch 190/200 => Loss 1.248, Train_accy 65.44
2024-03-01 15:21:04,372 [foster.py] => Task 0, Epoch 191/200 => Loss 1.236, Train_accy 65.45, Test_accy 72.25
2024-03-01 15:21:27,081 [foster.py] => Task 0, Epoch 192/200 => Loss 1.246, Train_accy 65.33
2024-03-01 15:21:49,894 [foster.py] => Task 0, Epoch 193/200 => Loss 1.235, Train_accy 65.68
2024-03-01 15:22:12,509 [foster.py] => Task 0, Epoch 194/200 => Loss 1.237, Train_accy 65.75
2024-03-01 15:22:35,402 [foster.py] => Task 0, Epoch 195/200 => Loss 1.232, Train_accy 65.93
2024-03-01 15:22:59,656 [foster.py] => Task 0, Epoch 196/200 => Loss 1.234, Train_accy 65.95, Test_accy 72.55
2024-03-01 15:23:22,458 [foster.py] => Task 0, Epoch 197/200 => Loss 1.232, Train_accy 66.07
2024-03-01 15:23:45,112 [foster.py] => Task 0, Epoch 198/200 => Loss 1.221, Train_accy 66.07
2024-03-01 15:24:07,878 [foster.py] => Task 0, Epoch 199/200 => Loss 1.227, Train_accy 66.16
2024-03-01 15:24:30,603 [foster.py] => Task 0, Epoch 200/200 => Loss 1.223, Train_accy 66.07
2024-03-01 15:24:30,604 [base.py] => Reducing exemplars...(20 per classes)
2024-03-01 15:24:30,604 [base.py] => Constructing exemplars...(20 per classes)
2024-03-01 15:26:05,350 [foster.py] => Exemplar size: 2000
2024-03-01 15:26:05,350 [trainer.py] => CNN: {'total': 72.63, '00-09': 77.8, '10-19': 67.1, '20-29': 76.3, '30-39': 71.7, '40-49': 74.9, '50-59': 68.7, '60-69': 76.3, '70-79': 67.6, '80-89': 72.8, '90-99': 73.1, 'old': 0, 'new': 72.63}
2024-03-01 15:26:05,350 [trainer.py] => NME: {'total': 68.87, '00-09': 72.3, '10-19': 63.5, '20-29': 72.2, '30-39': 68.1, '40-49': 72.1, '50-59': 65.4, '60-69': 71.2, '70-79': 65.8, '80-89': 68.7, '90-99': 69.4, 'old': 0, 'new': 68.87}
2024-03-01 15:26:05,350 [trainer.py] => CNN top1 curve: [72.63]
2024-03-01 15:26:05,350 [trainer.py] => CNN top5 curve: [93.5]
2024-03-01 15:26:05,350 [trainer.py] => NME top1 curve: [68.87]
2024-03-01 15:26:05,350 [trainer.py] => NME top5 curve: [92.08]

